========================================
   libamip 1.0.0: test/test-suite.log
========================================

# TOTAL: 2
# PASS:  1
# SKIP:  0
# XFAIL: 0
# FAIL:  1
# XPASS: 0
# ERROR: 0

.. contents:: :depth: 2

FAIL: ami_msg_create_test
=========================

[==========] Running 1 test(s).
[ RUN      ] create_pack_funk
"
" != "Action: CoreStatus

"
ami_msg_create_test.c:22: error: Failure!

[  FAILED  ] create_pack_funk
[==========] 1 test(s) run.
[  PASSED  ] 0 test(s).
[  FAILED  ] 1 test(s), listed below:
[  FAILED  ] create_pack_funk

 1 FAILED TEST(S)
FAIL ami_msg_create_test (exit status: 1)

